// Jest Snapshot v1, https://goo.gl/fbAQLP

exports[`DependenciesActions component matches the snapshot 1`] = `
<div
  class="btn-toolbar"
>
  <div
    class="btn-group flex-grow-1 mr-2"
  >
    <gl-dropdown-stub
      category="tertiary"
      class="flex-grow-1 text-center"
      headertext=""
      right=""
      size="medium"
      text="Severity"
      variant="default"
    >
      <gl-dropdown-item-stub
        avatarurl=""
        iconcolor=""
        iconname=""
        iconrightname=""
        secondarytext=""
      >
        <span
          class="d-flex"
        >
          <gl-icon-stub
            class="flex-shrink-0 gl-mr-2 invisible"
            name="mobile-issue-close"
            size="16"
          />
          
          Component name
        
        </span>
      </gl-dropdown-item-stub>
      <gl-dropdown-item-stub
        avatarurl=""
        iconcolor=""
        iconname=""
        iconrightname=""
        secondarytext=""
      >
        <span
          class="d-flex"
        >
          <gl-icon-stub
            class="flex-shrink-0 gl-mr-2 invisible"
            name="mobile-issue-close"
            size="16"
          />
          
          Packager
        
        </span>
      </gl-dropdown-item-stub>
      <gl-dropdown-item-stub
        avatarurl=""
        iconcolor=""
        iconname=""
        iconrightname=""
        secondarytext=""
      >
        <span
          class="d-flex"
        >
          <gl-icon-stub
            class="flex-shrink-0 gl-mr-2"
            name="mobile-issue-close"
            size="16"
          />
          
          Severity
        
        </span>
      </gl-dropdown-item-stub>
    </gl-dropdown-stub>
     
    <gl-button-stub
      buttontextclasses=""
      category="primary"
      class="flex-grow-0 js-sort-order"
      icon=""
      size="medium"
      title="Sort direction"
      variant="default"
    >
      <gl-icon-stub
        name="sort-lowest"
        size="16"
      />
    </gl-button-stub>
  </div>
   
  <gl-button-stub
    buttontextclasses=""
    category="primary"
    class="js-download"
    download="dependencies.json"
    href="http://test.host/dependencies.json"
    icon="export"
    size="medium"
    title="Export as JSON"
    variant="default"
  >
    
    Export
  
  </gl-button-stub>
</div>
`;
