// Jest Snapshot v1, https://goo.gl/fbAQLP

exports[`AuditEventsApp when initialized matches the snapshot 1`] = `
<div>
  <header>
    <div
      class="gl-my-5 gl-display-flex gl-flex-direction-row gl-justify-content-end"
    >
      <audit-events-export-button-stub
        exporthref="http://example.com/audit_log_reports.csv?created_after=2020-01-01&created_before=2020-02-02"
      />
    </div>
  </header>
   
  <div
    class="row-content-block second-block pb-0"
  >
    <div
      class="d-flex justify-content-between audit-controls row"
    >
      <div
        class="col-lg-auto flex-fill form-group align-items-lg-center pr-lg-8"
      >
        <div
          class="input-group bg-white flex-grow-1"
          data-qa-selector="filter_qa_selector"
          data-testid="audit-events-filter"
        >
          <gl-filtered-search-stub
            availabletokens="[object Object],[object Object],[object Object],[object Object]"
            class="gl-h-32 w-100"
            clearbuttontitle="Clear"
            close-button-title="Close"
            placeholder="Search"
            value="[object Object]"
          />
        </div>
      </div>
       
      <div
        class="d-flex col-lg-auto flex-wrap pl-lg-0"
      >
        <div
          class="audit-controls d-flex align-items-lg-center flex-column flex-lg-row col-lg-auto px-0"
        >
          <date-range-field-stub
            enddate="Sun Feb 02 2020 00:00:00 GMT+0000 (Greenwich Mean Time)"
            startdate="Wed Jan 01 2020 00:00:00 GMT+0000 (Greenwich Mean Time)"
          />
           
          <sorting-field-stub
            sortby="created_asc"
          />
        </div>
      </div>
    </div>
  </div>
   
  <audit-events-table-stub
    events="[object Object]"
    islastpage="true"
    qaselector="table_qa_selector"
  />
</div>
`;
