// Jest Snapshot v1, https://goo.gl/fbAQLP

exports[`PolicyDrawer component renders policy preview tabs 1`] = `
<div>
  <h4>
    Policy description
  </h4>
   
  <h5
    class="gl-mt-6"
  >
    Policy type
  </h5>
   
  <p>
    Network Policy
  </p>
   
  <h5
    class="gl-mt-6"
  >
    Description
  </h5>
   
  <gl-form-textarea-stub
    noresize="true"
    value="test description"
  />
   
  <policy-preview-stub
    class="gl-mt-4"
    initialtab="1"
    policydescription="Deny all traffic"
    policyyaml="apiVersion: cilium.io/v2
kind: CiliumNetworkPolicy
description: test description
metadata:
  name: test-policy
spec:
  endpointSelector:
    matchLabels:
      network-policy.gitlab.com/disabled_by: gitlab
"
  />
</div>
`;
