// Jest Snapshot v1, https://goo.gl/fbAQLP

exports[`Design management pagination component hides components when designs are empty 1`] = `<!---->`;

exports[`Design management pagination component renders navigation buttons 1`] = `
<div
  class="d-flex align-items-center"
>
  
  0 of 2
  
  <gl-button-group-stub
    class="ml-3 mr-3"
  >
    <gl-button-stub
      buttontextclasses=""
      category="primary"
      class="js-previous-design"
      disabled="true"
      icon="angle-left"
      size="medium"
      title="Go to previous design"
      variant="default"
    />
     
    <gl-button-stub
      buttontextclasses=""
      category="primary"
      class="js-next-design"
      icon="angle-right"
      size="medium"
      title="Go to next design"
      variant="default"
    />
  </gl-button-group-stub>
</div>
`;
