// Jest Snapshot v1, https://goo.gl/fbAQLP

exports[`Code Coverage matches the snapshot 1`] = `
<div>
  <div
    class="d-flex justify-content-between align-items-center"
  >
    <h4
      class="sub-header"
    >
      Code coverage statistics for master {range-date}
    </h4>
     
    <button
      class="btn btn-light h-100 pl-2 pr-2 pt-0 pb-0"
      style="font-size: 11px;"
    >
      
      Download raw data (.csv)
    
    </button>
  </div>
   
  <div
    class="d-flex justify-content-end mr-5 mt-3"
  >
    <gl-dropdown-stub
      text="Vue"
    >
      <gl-dropdown-item-stub>
        <div
          class="d-flex"
        >
          <gl-icon-stub
            class="position-absolute"
            name="mobile-issue-close"
            size="16"
          />
           
          <span
            class="d-flex align-items-center ml-4"
          >
            <span
              class="mr-2"
              style="color: rgb(44, 62, 80);"
            >
              <gl-icon-stub
                name="stop"
                size="16"
              />
            </span>
            Vue
            
          </span>
        </div>
      </gl-dropdown-item-stub>
      <gl-dropdown-item-stub>
        <div
          class="d-flex"
        >
          <!---->
           
          <span
            class="d-flex align-items-center ml-4"
          >
            <span
              class="mr-2"
              style="color: rgb(227, 76, 38);"
            >
              <gl-icon-stub
                name="stop"
                size="16"
              />
            </span>
            HTML
            
          </span>
        </div>
      </gl-dropdown-item-stub>
      <gl-dropdown-item-stub>
        <div
          class="d-flex"
        >
          <!---->
           
          <span
            class="d-flex align-items-center ml-4"
          >
            <span
              class="mr-2"
              style="color: rgb(241, 224, 90);"
            >
              <gl-icon-stub
                name="stop"
                size="16"
              />
            </span>
            JavaScript
            
          </span>
        </div>
      </gl-dropdown-item-stub>
    </gl-dropdown-stub>
  </div>
   
  <gl-area-chart-stub
    data="[object Object]"
    height="250"
    includelegendavgmax="true"
    legendaveragetext="Avg"
    legendmaxtext="Max"
    option="[object Object]"
    thresholds=""
  />
</div>
`;
